getting-started
    build-from-source
    configuration
    start-up-node
    readiness-liveness
connect
    authentication
    http-api
    python
    go
    socket
        ping
        auth
        query
        run
        watch
        error-response
overview
    scopes
    collections
    names
    properties
    variable
    events
    slices
    template-strings
    dictionary
data-types
    bool
    bytes
        len
    closure
        call
        def
        doc
    enum
        name
        value
    error
        code
        msg
    float
    info
    int
    list
        choice
        each
        every
        extend
        filter
        find
        findindex
        indexof
        len
        map
        pop
        push
        reduce
        remove
        some
        sort
        splice
    nil
    regex
    set
        add
        each
        every
        filter
        find
        has
        len
        map
        reduce
        remove
        some
    str
        contains
        endswith
        len
        lower
        startswith
        test
        upper
    thing
        assign
        del
        each
        emit
        filter
        get
        has
        id
        keys
        len
        map
        set
        unwatch
        values
        watch
        wrap
    tuple
    type
    wtype
        unwrap
operators
    arithmetic-operators
    assignments
    binary-bitwise-operators
    conditional-ternary-operator
    logical-operators
    precedence-and-associativity
collection-api
    assert
    base64_decode
    base64_encode
    bool
    bytes
    deep
    del_enum
    del_type
    enum
    enum_info
    enums_info
    err
    event_id
    float
    has_enum
    has_type
    if
    int
    isarray
    isascii
    isbool
    isbytes
    isenum
    iserr
    isfloat
    isinf
    isint
    islist
    isnan
    isnil
    israw
    isset
    isstr
    isthing
    istuple
    isutf8
    list
    mod_enum
        add
        def
        del
        mod
        ren
    mod_type
        add
        del
        mod
        ren
        wpo
    new
    new_type
    now
    raise
    rand
    randint
    range
    refs
    rename_enum
    rename_type
    return
    set
    set_enum
    set_type
    str
    thing
    try
    type
    type_assert
    type_count
    type_info
    types_info
    wse
node-api
    backup_info
    backups_info
    counters
    del_backup
    has_backup
    new_backup
    node_info
    nodes_info
    reset_counters
    set_log_level
    shutdown
thingsdb-api
    collection_info
    collections_info
    del_collection
    del_expired
    del_node
    del_token
    del_user
    grant
    has_collection
    has_node
    has_token
    has_user
    new_collection
    new_node
    new_token
    new_user
    rename_collection
    rename_user
    restore
    revoke
    set_password
    user_info
    users_info
procedures-api
    del_procedure
    has_procedure
    new_procedure
    procedure_doc
    procedure_info
    procedures_info
    rename_procedure
    run
watching
    node-status
    on-init
    on-update
    on-delete
    on-stop
    warning
errors
    assert_err
    auth_err
    bad_data_err
    forbidden_err
    lookup_err
    max_quota_err
    node_err
    num_arguments_err
    operation_err
    overflow_err
    syntax_err
    type_err
    value_err
    zero_div_err
